
> auditinsight-frontend@0.1.0 build
> next build

Γû▓ Next.js 16.2.1 (Turbopack)
- Environments: .env.local

  Creating an optimized production build ...
node.exe : 
At line:1 char:1
+ & "C:\Program Files\nodejs/node.exe" "C:\Users\bette\AppData\Roaming\ ...
+ ~~~~~~~~~~~~~~~~~~~~~~~~~~~~~~~~~~~~~~~~~~~~~~~~~~~~~~~~~~~~~~~~~~~~~
    + CategoryInfo          : NotSpecified: (:String) [], RemoteException
    + FullyQualifiedErrorId : NativeCommandError
 
> Build error occurred
Error: Turbopack build failed with 2 errors:
./src/app/(ngo)/ngo-dashboard/compliance/page.tsx:5:1
Export useScopedData doesn't exist in target module
  [90m3 |[0m [36mimport[0m [33mNGOPageLayout[0m [36mfrom[0m 
[32m"@/components/ngo/NGOPageLayout"[0m;
  [90m4 |[0m [36mimport[0m [33mDonorScopeBanner[0m [36mfrom[0m 
[32m"@/components/ngo/rbac/DonorScopeBanner"[0m;
[31m[1m>[0m [90m5 |[0m [36mimport[0m { useRBAC, useScopedData } 
[36mfrom[0m [32m"@/context/RBACContext"[0m;
  [90m  |[0m 
[31m[1m^^^^^^^^^^^^^^^^^^^^^^^^^^^^^^^^^^^^^^^^^^^^^^^^^^^^^^^^^^^^^^^[0m
  [90m6 |[0m [36mimport[0m { [33mProtectedRoute[0m } [36mfrom[0m 
[32m"@/components/Guards"[0m;
  [90m7 |[0m [36mimport[0m { [33mNGO_TRANSACTIONS[0m, [33mNGO_FLAGS[0m 
} [36mfrom[0m [32m"@/mock/ngo.mock"[0m;
  [90m8 |[0m [36mimport[0m { theme } [36mfrom[0m 
[32m"@/styles/theme"[0m;

The export useScopedData was not found in module 
[project]/src/context/RBACContext.tsx [app-client] (ecmascript).
Did you mean to import useComponentGate?
All exports of the module are statically known (It doesn't have dynamic 
exports). So it's known statically that the requested export doesn't exist.

Import traces:
  Client Component Browser:
    ./src/app/(ngo)/ngo-dashboard/compliance/page.tsx [Client Component 
Browser]
    ./src/app/(ngo)/ngo-dashboard/compliance/page.tsx [Server Component]

  Client Component SSR:
    ./src/app/(ngo)/ngo-dashboard/compliance/page.tsx [Client Component SSR]
    ./src/app/(ngo)/ngo-dashboard/compliance/page.tsx [Server Component]


./src/app/(ngo)/ngo-dashboard/compliance/page.tsx:5:1
Export useScopedData doesn't exist in target module
  [90m3 |[0m [36mimport[0m [33mNGOPageLayout[0m [36mfrom[0m 
[32m"@/components/ngo/NGOPageLayout"[0m;
  [90m4 |[0m [36mimport[0m [33mDonorScopeBanner[0m [36mfrom[0m 
[32m"@/components/ngo/rbac/DonorScopeBanner"[0m;
[31m[1m>[0m [90m5 |[0m [36mimport[0m { useRBAC, useScopedData } 
[36mfrom[0m [32m"@/context/RBACContext"[0m;
  [90m  |[0m 
[31m[1m^^^^^^^^^^^^^^^^^^^^^^^^^^^^^^^^^^^^^^^^^^^^^^^^^^^^^^^^^^^^^^^[0m
  [90m6 |[0m [36mimport[0m { [33mProtectedRoute[0m } [36mfrom[0m 
[32m"@/components/Guards"[0m;
  [90m7 |[0m [36mimport[0m { [33mNGO_TRANSACTIONS[0m, [33mNGO_FLAGS[0m 
} [36mfrom[0m [32m"@/mock/ngo.mock"[0m;
  [90m8 |[0m [36mimport[0m { theme } [36mfrom[0m 
[32m"@/styles/theme"[0m;

The export useScopedData was not found in module 
[project]/src/context/RBACContext.tsx [app-ssr] (ecmascript).
Did you mean to import useComponentGate?
All exports of the module are statically known (It doesn't have dynamic 
exports). So it's known statically that the requested export doesn't exist.

Import traces:
  Client Component Browser:
    ./src/app/(ngo)/ngo-dashboard/compliance/page.tsx [Client Component 
Browser]
    ./src/app/(ngo)/ngo-dashboard/compliance/page.tsx [Server Component]

  Client Component SSR:
    ./src/app/(ngo)/ngo-dashboard/compliance/page.tsx [Client Component SSR]
    ./src/app/(ngo)/ngo-dashboard/compliance/page.tsx [Server Component]


    at <unknown> (./src/app/(ngo)/ngo-dashboard/compliance/page.tsx:5:1)
    at <unknown> (./src/app/(ngo)/ngo-dashboard/compliance/page.tsx:5:1)
